set. 24, 2026 11:54:28 AM liquibase.changelog
INFORMAÇÕES: Creating database changelog table with name: board.DATABASECHANGELOG
set. 24, 2026 11:54:28 AM liquibase.changelog
INFORMAÇÕES: Reading from board.DATABASECHANGELOG
set. 24, 2026 11:54:28 AM liquibase.snapshot
INFORMAÇÕES: Creating snapshot
Integer display width is deprecated and will be removed in a future release.
set. 24, 2026 11:54:28 AM liquibase.lockservice
INFORMAÇÕES: Successfully acquired change log lock
set. 24, 2026 11:54:28 AM liquibase.command
INFORMAÇÕES: Using deploymentId: 0261664847
set. 24, 2026 11:54:28 AM liquibase.changelog
INFORMAÇÕES: Reading from board.DATABASECHANGELOG
Running Changeset: db/changelog/migrations/db.changelog-23.0-09-2026.sql::23-09-2026-1::matheus
set. 24, 2026 11:54:28 AM liquibase.changelog
INFORMAÇÕES: Custom SQL executed
set. 24, 2026 11:54:28 AM liquibase.changelog
INFORMAÇÕES: ChangeSet db/changelog/migrations/db.changelog-23.0-09-2026.sql::23-09-2026-1::matheus ran successfully in 59ms
set. 24, 2026 11:54:28 AM liquibase.util
INFORMAÇÕES: UPDATE SUMMARY
set. 24, 2026 11:54:28 AM liquibase.util
INFORMAÇÕES: Run:                          1
set. 24, 2026 11:54:28 AM liquibase.util
INFORMAÇÕES: Previously run:               0
set. 24, 2026 11:54:28 AM liquibase.util
INFORMAÇÕES: Filtered out:                 0
set. 24, 2026 11:54:28 AM liquibase.util
INFORMAÇÕES: -------------------------------
set. 24, 2026 11:54:28 AM liquibase.util
INFORMAÇÕES: Total change sets:            1
set. 24, 2026 11:54:28 AM liquibase.util
INFORMAÇÕES: Update summary generated
set. 24, 2026 11:54:28 AM liquibase.command
INFORMAÇÕES: Update command completed successfully.
Liquibase: Update has been successful. Rows affected: 0
set. 24, 2026 11:54:28 AM liquibase.lockservice
INFORMAÇÕES: Successfully released change log lock
set. 24, 2026 11:54:28 AM liquibase.command
INFORMAÇÕES: Command execution complete
set. 24, 2026 11:54:37 AM liquibase.changelog
INFORMAÇÕES: Reading from board.DATABASECHANGELOG
set. 24, 2026 11:54:37 AM liquibase.lockservice
INFORMAÇÕES: Successfully acquired change log lock
set. 24, 2026 11:54:37 AM liquibase.command
INFORMAÇÕES: Using deploymentId: 0261675158
set. 24, 2026 11:54:37 AM liquibase.changelog
INFORMAÇÕES: Reading from board.DATABASECHANGELOG
Running Changeset: db/changelog/migrations/db.changelog-23.1-09-2026.sql::23.2-09-2026-2::matheus
set. 24, 2026 11:54:37 AM liquibase.changelog
INFORMAÇÕES: Custom SQL executed
set. 24, 2026 11:54:37 AM liquibase.changelog
INFORMAÇÕES: ChangeSet db/changelog/migrations/db.changelog-23.1-09-2026.sql::23.2-09-2026-2::matheus ran successfully in 69ms
set. 24, 2026 11:54:37 AM liquibase.util
INFORMAÇÕES: UPDATE SUMMARY
set. 24, 2026 11:54:37 AM liquibase.util
INFORMAÇÕES: Run:                          1
set. 24, 2026 11:54:37 AM liquibase.util
INFORMAÇÕES: Previously run:               0
set. 24, 2026 11:54:37 AM liquibase.util
INFORMAÇÕES: Filtered out:                 0
set. 24, 2026 11:54:37 AM liquibase.util
INFORMAÇÕES: -------------------------------
set. 24, 2026 11:54:37 AM liquibase.util
INFORMAÇÕES: Total change sets:            1
set. 24, 2026 11:54:37 AM liquibase.util
INFORMAÇÕES: Update summary generated
set. 24, 2026 11:54:37 AM liquibase.command
INFORMAÇÕES: Update command completed successfully.
Liquibase: Update has been successful. Rows affected: 0
set. 24, 2026 11:54:37 AM liquibase.lockservice
INFORMAÇÕES: Successfully released change log lock
set. 24, 2026 11:54:37 AM liquibase.command
INFORMAÇÕES: Command execution complete
